// Jest Snapshot v1, https://goo.gl/fbAQLP

exports[`Column renders properly 1`] = `ShallowWrapper {}`;
