// Jest Snapshot v1, https://goo.gl/fbAQLP

exports[`Card renders properly 1`] = `ShallowWrapper {}`;
