// Jest Snapshot v1, https://goo.gl/fbAQLP

exports[`Board renders properly 1`] = `ShallowWrapper {}`;
